// Bun Snapshot v1, https://goo.gl/fbAQLP

exports[`response full 1`] = `"<!DOCTYPE html><html lang="en"><head><link rel="preload" as="script" fetchPriority="low" href="/main1.js"/><link rel="preload" as="script" fetchPriority="low" href="/main2.js"/><meta charset="utf-8"/><meta name="description" content="Default description"/><title>Default</title><style>body {font-family: sans-serif; line-height: 1.5;}</style></head><body><p class="myclass" style="padding:1px">N<!-- -->1<!-- -->N</p><p class="myclass" style="padding:2px">N<!-- -->2<!-- -->N</p><p class="myclass" style="padding:3px">N<!-- -->3<!-- -->N</p><p class="myclass" style="padding:4px">N<!-- -->4<!-- -->N</p><p class="myclass" style="padding:5px">N<!-- -->5<!-- -->N</p><script>alert(1);</script><script src="/main1.js" async=""></script><script src="/main2.js" async=""></script></body></html>"`;
